[    0.000000] Linux version 4.15.0-136-generic (buildd@lcy01-amd64-029) (gcc version 7.5.0 (Ubuntu 7.5.0-3ubuntu1~18.04)) #140-Ubuntu SMP Thu Jan 28 05:20:47 UTC 2021 (Ubuntu 4.15.0-136.140-generic 4.15.18)
[    0.000000] Command line: BOOT_IMAGE=/boot/vmlinuz-4.15.0-136-generic root=LABEL=cloudimg-rootfs ro console=tty1 console=ttyS0
[    0.000000] KERNEL supported cpus:
[    0.000000]   Intel GenuineIntel
[    0.000000]   AMD AuthenticAMD
[    0.000000]   Centaur CentaurHauls
[    0.000000] [Firmware Bug]: TSC doesn't count with P0 frequency!
[    0.000000] x86/fpu: x87 FPU will use FXSAVE
[    0.000000] e820: BIOS-provided physical RAM map:
[    0.000000] BIOS-e820: [mem 0x0000000000000000-0x000000000009fbff] usable
[    0.000000] BIOS-e820: [mem 0x000000000009fc00-0x000000000009ffff] reserved
[    0.000000] BIOS-e820: [mem 0x00000000000f0000-0x00000000000fffff] reserved
[    0.000000] BIOS-e820: [mem 0x0000000000100000-0x000000003ffeffff] usable
[    0.000000] BIOS-e820: [mem 0x000000003fff0000-0x000000003fffffff] ACPI data
[    0.000000] BIOS-e820: [mem 0x00000000fec00000-0x00000000fec00fff] reserved
[    0.000000] BIOS-e820: [mem 0x00000000fee00000-0x00000000fee00fff] reserved
[    0.000000] BIOS-e820: [mem 0x00000000fffc0000-0x00000000ffffffff] reserved
[    0.000000] NX (Execute Disable) protection: active
[    0.000000] SMBIOS 2.5 present.
[    0.000000] DMI: innotek GmbH VirtualBox/VirtualBox, BIOS VirtualBox 12/01/2006
[    0.000000] Hypervisor detected: KVM
[    0.000000] e820: last_pfn = 0x3fff0 max_arch_pfn = 0x400000000
[    0.000000] MTRR: Disabled
[    0.000000] x86/PAT: MTRRs disabled, skipping PAT initialization too.
[    0.000000] CPU MTRRs all blank - virtualized system.
[    0.000000] x86/PAT: Configuration [0-7]: WB  WT  UC- UC  WB  WT  UC- UC  
[    0.000000] found SMP MP-table at [mem 0x0009fff0-0x0009ffff]
[    0.000000] Scanning 1 areas for low memory corruption
[    0.000000] RAMDISK: [mem 0x35a65000-0x36d29fff]
[    0.000000] ACPI: Early table checksum verification disabled
[    0.000000] ACPI: RSDP 0x00000000000E0000 000024 (v02 VBOX  )
[    0.000000] ACPI: XSDT 0x000000003FFF0030 00003C (v01 VBOX   VBOXXSDT 00000001 ASL  00000061)
[    0.000000] ACPI: FACP 0x000000003FFF00F0 0000F4 (v04 VBOX   VBOXFACP 00000001 ASL  00000061)
[    0.000000] ACPI: DSDT 0x000000003FFF0470 002325 (v02 VBOX   VBOXBIOS 00000002 INTL 20100528)
[    0.000000] ACPI: FACS 0x000000003FFF0200 000040
[    0.000000] ACPI: FACS 0x000000003FFF0200 000040
[    0.000000] ACPI: APIC 0x000000003FFF0240 00005C (v02 VBOX   VBOXAPIC 00000001 ASL  00000061)
[    0.000000] ACPI: SSDT 0x000000003FFF02A0 0001CC (v01 VBOX   VBOXCPUT 00000002 INTL 20100528)
[    0.000000] No NUMA configuration found
[    0.000000] Faking a node at [mem 0x0000000000000000-0x000000003ffeffff]
[    0.000000] NODE_DATA(0) allocated [mem 0x3ffc5000-0x3ffeffff]
[    0.000000] kvm-clock: cpu 0, msr 0:3ff44001, primary cpu clock
[    0.000000] kvm-clock: Using msrs 4b564d01 and 4b564d00
[    0.000000] kvm-clock: using sched offset of 9771859274 cycles
[    0.000000] clocksource: kvm-clock: mask: 0xffffffffffffffff max_cycles: 0x1cd42e4dffb, max_idle_ns: 881590591483 ns
[    0.000000] Zone ranges:
[    0.000000]   DMA      [mem 0x0000000000001000-0x0000000000ffffff]
[    0.000000]   DMA32    [mem 0x0000000001000000-0x000000003ffeffff]
[    0.000000]   Normal   empty
[    0.000000]   Device   empty
[    0.000000] Movable zone start for each node
[    0.000000] Early memory node ranges
[    0.000000]   node   0: [mem 0x0000000000001000-0x000000000009efff]
[    0.000000]   node   0: [mem 0x0000000000100000-0x000000003ffeffff]
[    0.000000] Reserved but unavailable: 98 pages
[    0.000000] Initmem setup node 0 [mem 0x0000000000001000-0x000000003ffeffff]
[    0.000000] ACPI: PM-Timer IO Port: 0x4008
[    0.000000] IOAPIC[0]: apic_id 2, version 32, address 0xfec00000, GSI 0-23
[    0.000000] ACPI: INT_SRC_OVR (bus 0 bus_irq 0 global_irq 2 dfl dfl)
[    0.000000] ACPI: INT_SRC_OVR (bus 0 bus_irq 9 global_irq 9 low level)
[    0.000000] Using ACPI (MADT) for SMP configuration information
[    0.000000] smpboot: Allowing 2 CPUs, 0 hotplug CPUs
[    0.000000] PM: Registered nosave memory: [mem 0x00000000-0x00000fff]
[    0.000000] PM: Registered nosave memory: [mem 0x0009f000-0x0009ffff]
[    0.000000] PM: Registered nosave memory: [mem 0x000a0000-0x000effff]
[    0.000000] PM: Registered nosave memory: [mem 0x000f0000-0x000fffff]
[    0.000000] e820: [mem 0x40000000-0xfebfffff] available for PCI devices
[    0.000000] Booting paravirtualized kernel on KVM
[    0.000000] clocksource: refined-jiffies: mask: 0xffffffff max_cycles: 0xffffffff, max_idle_ns: 7645519600211568 ns
[    0.000000] random: get_random_bytes called from start_kernel+0x99/0x500 with crng_init=0
[    0.000000] setup_percpu: NR_CPUS:8192 nr_cpumask_bits:2 nr_cpu_ids:2 nr_node_ids:1
[    0.000000] percpu: Embedded 45 pages/cpu s147456 r8192 d28672 u1048576
[    0.000000] PV qspinlock hash table entries: 256 (order: 0, 4096 bytes)
[    0.000000] Built 1 zonelists, mobility grouping on.  Total pages: 257913
[    0.000000] Policy zone: DMA32
[    0.000000] Kernel command line: BOOT_IMAGE=/boot/vmlinuz-4.15.0-136-generic root=LABEL=cloudimg-rootfs ro console=tty1 console=ttyS0
[    0.000000] Memory: 983024K/1048120K available (12300K kernel code, 2482K rwdata, 4276K rodata, 2440K init, 2724K bss, 65096K reserved, 0K cma-reserved)
[    0.000000] SLUB: HWalign=64, Order=0-3, MinObjects=0, CPUs=2, Nodes=1
[    0.000000] ftrace: allocating 39427 entries in 155 pages
[    0.004000] Hierarchical RCU implementation.
[    0.004000] 	RCU restricting CPUs from NR_CPUS=8192 to nr_cpu_ids=2.
[    0.004000] 	Tasks RCU enabled.
[    0.004000] RCU: Adjusting geometry for rcu_fanout_leaf=16, nr_cpu_ids=2
[    0.004000] NR_IRQS: 524544, nr_irqs: 440, preallocated irqs: 16
[    0.004000] Console: colour VGA+ 80x25
[    0.004000] console [tty1] enabled
[    0.004000] console [ttyS0] enabled
[    0.004000] ACPI: Core revision 20170831
[    0.004000] ACPI: 2 ACPI AML tables successfully acquired and loaded
[    0.004000] APIC: Switch to symmetric I/O mode setup
[    0.004000] ..TIMER: vector=0x30 apic1=0 pin1=2 apic2=-1 pin2=-1
[    0.004016] tsc: Detected 2095.998 MHz processor
[    0.008023] Calibrating delay loop (skipped) preset value.. 4191.99 BogoMIPS (lpj=8383992)
[    0.012017] pid_max: default: 32768 minimum: 301
[    0.016171] Security Framework initialized
[    0.020022] Yama: becoming mindful.
[    0.024211] AppArmor: AppArmor initialized
[    0.041687] Dentry cache hash table entries: 131072 (order: 8, 1048576 bytes)
[    0.049560] Inode-cache hash table entries: 65536 (order: 7, 524288 bytes)
[    0.052199] Mount-cache hash table entries: 2048 (order: 2, 16384 bytes)
[    0.056214] Mountpoint-cache hash table entries: 2048 (order: 2, 16384 bytes)
[    0.064055] Last level iTLB entries: 4KB 1024, 2MB 1024, 4MB 512
[    0.068017] Last level dTLB entries: 4KB 1536, 2MB 1536, 4MB 768, 1GB 0
[    0.072020] Spectre V1 : Mitigation: usercopy/swapgs barriers and __user pointer sanitization
[    0.076019] Spectre V2 : Spectre mitigation: LFENCE not serializing, switching to generic retpoline
[    0.080017] Spectre V2 : Mitigation: Full generic retpoline
[    0.084015] Spectre V2 : Spectre v2 / SpectreRSB mitigation: Filling RSB on context switch
[    0.088019] Speculative Store Bypass: Mitigation: Speculative Store Bypass disabled via prctl and seccomp
[    0.096052] Freeing SMP alternatives memory: 36K
[    0.232021] APIC calibration not consistent with PM-Timer: 108ms instead of 100ms
[    0.236000] APIC delta adjusted to PM-Timer: 6417179 (6952957)
[    0.236634] smpboot: CPU0: AMD Ryzen 5 3500U with Radeon Vega Mobile Gfx (family: 0x17, model: 0x18, stepping: 0x1)
[    0.240930] Performance Events: PMU not available due to virtualization, using software events only.
[    0.244335] Hierarchical SRCU implementation.
[    0.249673] NMI watchdog: Perf event create on CPU 0 failed with -2
[    0.252016] NMI watchdog: Perf NMI watchdog permanently disabled
[    0.256700] smp: Bringing up secondary CPUs ...
[    0.264715] x86: Booting SMP configuration:
[    0.268018] .... node  #0, CPUs:      #1
[    0.004000] kvm-clock: cpu 1, msr 0:3ff44041, secondary cpu clock
[    0.282189] TSC synchronization [CPU#0 -> CPU#1]:
[    0.284000] Measured 147121 cycles TSC warp between CPUs, turning off TSC clock.
[    0.284000] tsc: Marking TSC unstable due to check_tsc_sync_source failed
[    0.292458] smp: Brought up 1 node, 2 CPUs
[    0.296026] smpboot: Max logical packages: 1
[    0.300022] smpboot: Total of 2 processors activated (8383.99 BogoMIPS)
[    0.309048] devtmpfs: initialized
[    0.317036] x86/mm: Memory block size: 128MB
[    0.325051] evm: security.selinux
[    0.332010] evm: security.SMACK64
[    0.340009] evm: security.SMACK64EXEC
[    0.344008] evm: security.SMACK64TRANSMUTE
[    0.352020] evm: security.SMACK64MMAP
[    0.360012] evm: security.apparmor
[    0.364020] evm: security.ima
[    0.372017] evm: security.capability
[    0.381469] clocksource: jiffies: mask: 0xffffffff max_cycles: 0xffffffff, max_idle_ns: 7645041785100000 ns
[    0.400042] futex hash table entries: 512 (order: 3, 32768 bytes)
[    0.412364] pinctrl core: initialized pinctrl subsystem
[    0.420666] RTC time: 14:15:40, date: 03/11/21
[    0.433193] NET: Registered protocol family 16
[    0.440357] audit: initializing netlink subsys (disabled)
[    0.448549] audit: type=2000 audit(1615472151.261:1): state=initialized audit_enabled=0 res=1
[    0.452289] cpuidle: using governor ladder
[    0.460031] cpuidle: using governor menu
[    0.469208] ACPI: bus type PCI registered
[    0.472024] acpiphp: ACPI Hot Plug PCI Controller Driver version: 0.5
[    0.476844] PCI: Using configuration type 1 for base access
[    0.480020] PCI: Using configuration type 1 for extended access
[    0.496473] HugeTLB registered 2.00 MiB page size, pre-allocated 0 pages
[    0.508747] ACPI: Added _OSI(Module Device)
[    0.512027] ACPI: Added _OSI(Processor Device)
[    0.516024] ACPI: Added _OSI(3.0 _SCP Extensions)
[    0.520021] ACPI: Added _OSI(Processor Aggregator Device)
[    0.524025] ACPI: Added _OSI(Linux-Dell-Video)
[    0.528027] ACPI: Added _OSI(Linux-Lenovo-NV-HDMI-Audio)
[    0.532036] ACPI: Added _OSI(Linux-HPI-Hybrid-Graphics)
[    0.541140] ACPI: Executed 1 blocks of module-level executable AML code
[    0.554746] ACPI: Interpreter enabled
[    0.556047] ACPI: (supports S0 S5)
[    0.560012] ACPI: Using IOAPIC for interrupt routing
[    0.564735] PCI: Using host bridge windows from ACPI; if necessary, use "pci=nocrs" and report a bug
[    0.572262] ACPI: Enabled 2 GPEs in block 00 to 07
[    0.589141] ACPI: PCI Root Bridge [PCI0] (domain 0000 [bus 00-ff])
[    0.592043] acpi PNP0A03:00: _OSC: OS supports [ExtendedConfig ASPM ClockPM Segments MSI]
[    0.602109] acpi PNP0A03:00: _OSC: platform does not support [PCIeCapability]
[    0.608258] acpi PNP0A03:00: _OSC: not requesting control; platform does not support [PCIeCapability]
[    0.612018] acpi PNP0A03:00: _OSC: OS requested [PCIeHotplug PME AER PCIeCapability]
[    0.616019] acpi PNP0A03:00: _OSC: platform willing to grant [PCIeHotplug PME AER]
[    0.620020] acpi PNP0A03:00: _OSC failed (AE_SUPPORT); disabling ASPM
[    0.625119] PCI host bridge to bus 0000:00
[    0.628017] pci_bus 0000:00: root bus resource [io  0x0000-0x0cf7 window]
[    0.632023] pci_bus 0000:00: root bus resource [io  0x0d00-0xffff window]
[    0.636029] pci_bus 0000:00: root bus resource [mem 0x000a0000-0x000bffff window]
[    0.640086] pci_bus 0000:00: root bus resource [mem 0x40000000-0xfdffffff window]
[    0.644023] pci_bus 0000:00: root bus resource [bus 00-ff]
[    0.657057] pci 0000:00:01.1: legacy IDE quirk: reg 0x10: [io  0x01f0-0x01f7]
[    0.660020] pci 0000:00:01.1: legacy IDE quirk: reg 0x14: [io  0x03f6]
[    0.664020] pci 0000:00:01.1: legacy IDE quirk: reg 0x18: [io  0x0170-0x0177]
[    0.668026] pci 0000:00:01.1: legacy IDE quirk: reg 0x1c: [io  0x0376]
[    0.750053] pci 0000:00:07.0: quirk: [io  0x4000-0x403f] claimed by PIIX4 ACPI
[    0.768062] pci 0000:00:07.0: quirk: [io  0x4100-0x410f] claimed by PIIX4 SMB
[    0.797377] ACPI: PCI Interrupt Link [LNKA] (IRQs 5 9 10 *11)
[    0.812738] ACPI: PCI Interrupt Link [LNKB] (IRQs 5 9 *10 11)
[    0.824459] ACPI: PCI Interrupt Link [LNKC] (IRQs 5 *9 10 11)
[    0.840481] ACPI: PCI Interrupt Link [LNKD] (IRQs 5 9 10 *11)
[    0.864213] SCSI subsystem initialized
[    0.876521] pci 0000:00:02.0: vgaarb: setting as boot VGA device
[    0.880000] pci 0000:00:02.0: vgaarb: VGA device added: decodes=io+mem,owns=io+mem,locks=none
[    0.916028] pci 0000:00:02.0: vgaarb: bridge control possible
[    0.928013] vgaarb: loaded
[    0.936250] ACPI: bus type USB registered
[    0.948062] usbcore: registered new interface driver usbfs
[    0.964078] usbcore: registered new interface driver hub
[    0.976259] usbcore: registered new device driver usb
[    0.992204] EDAC MC: Ver: 3.0.0
[    1.004311] PCI: Using ACPI for IRQ routing
[    1.016568] NetLabel: Initializing
[    1.024013] NetLabel:  domain hash size = 128
[    1.036009] NetLabel:  protocols = UNLABELED CIPSOv4 CALIPSO
[    1.052106] NetLabel:  unlabeled traffic allowed by default
[    1.068980] clocksource: Switched to clocksource kvm-clock
[    1.195297] VFS: Disk quotas dquot_6.6.0
[    1.201979] VFS: Dquot-cache hash table entries: 512 (order 0, 4096 bytes)
[    1.212020] AppArmor: AppArmor Filesystem Enabled
[    1.219090] pnp: PnP ACPI init
[    1.226841] pnp: PnP ACPI: found 3 devices
[    1.291965] clocksource: acpi_pm: mask: 0xffffff max_cycles: 0xffffff, max_idle_ns: 2085701024 ns
[    1.305395] NET: Registered protocol family 2
[    1.311908] TCP established hash table entries: 8192 (order: 4, 65536 bytes)
[    1.322993] TCP bind hash table entries: 8192 (order: 5, 131072 bytes)
[    1.334201] TCP: Hash tables configured (established 8192 bind 8192)
[    1.347420] UDP hash table entries: 512 (order: 2, 16384 bytes)
[    1.355920] UDP-Lite hash table entries: 512 (order: 2, 16384 bytes)
[    1.365163] NET: Registered protocol family 1
[    1.370504] pci 0000:00:00.0: Limiting direct PCI/PCI transfers
[    1.378000] pci 0000:00:01.0: Activating ISA DMA hang workarounds
[    1.385491] pci 0000:00:02.0: Video device with shadowed ROM at [mem 0x000c0000-0x000dffff]
[    1.395733] Unpacking initramfs...
[    2.448370] Freeing initrd memory: 19220K
[    2.458144] clocksource: tsc: mask: 0xffffffffffffffff max_cycles: 0x1e366be91d8, max_idle_ns: 440795263444 ns
[    2.471976] platform rtc_cmos: registered platform RTC device (no PNP device found)
[    2.483637] Scanning for low memory corruption every 60 seconds
[    2.495772] Initialise system trusted keyrings
[    2.503203] Key type blacklist registered
[    2.510117] workingset: timestamp_bits=36 max_order=18 bucket_order=0
[    2.522419] zbud: loaded
[    2.528740] squashfs: version 4.0 (2009/01/31) Phillip Lougher
[    2.537715] fuse init (API version 7.26)
[    2.593965] Key type asymmetric registered
[    2.599035] Asymmetric key parser 'x509' registered
[    2.606575] Block layer SCSI generic (bsg) driver version 0.4 loaded (major 246)
[    2.618411] io scheduler noop registered
[    2.624135] io scheduler deadline registered
[    2.629947] io scheduler cfq registered (default)
[    2.638676] ACPI: AC Adapter [AC] (off-line)
[    2.645187] input: Power Button as /devices/LNXSYSTM:00/LNXPWRBN:00/input/input0
[    2.657311] ACPI: Power Button [PWRF]
[    2.663327] input: Sleep Button as /devices/LNXSYSTM:00/LNXSLPBN:00/input/input1
[    2.676168] ACPI: Sleep Button [SLPF]
[    2.689448] ACPI: Battery Slot [BAT0] (battery present)
[    2.689471] Serial: 8250/16550 driver, 32 ports, IRQ sharing enabled
    2.709391] 00:02: ttyS0 at I/O 0x3f8 (irq = 4, base_baud = 115200) is a 16550A
[    2.977935] Linux agpgart interface v0.103
[    3.013282] loop: module loaded
[    3.026441] scsi host0: ata_piix
[    3.033401] scsi host1: ata_piix
[    3.042034] ata1: PATA max UDMA/33 cmd 0x1f0 ctl 0x3f6 bmdma 0xd000 irq 14
[    3.050078] ata2: PATA max UDMA/33 cmd 0x170 ctl 0x376 bmdma 0xd008 irq 15
[    3.060651] libphy: Fixed MDIO Bus: probed
[    3.066801] tun: Universal TUN/TAP device driver, 1.6
[    3.074778] PPP generic driver version 2.4.2
[    3.081183] ehci_hcd: USB 2.0 'Enhanced' Host Controller (EHCI) Driver
[    3.090457] ehci-pci: EHCI PCI platform driver
[    3.097236] ehci-platform: EHCI generic platform driver
[    3.101095] ohci_hcd: USB 1.1 'Open' Host Controller (OHCI) Driver
[    3.113227] ohci-pci: OHCI PCI platform driver
[    3.119291] ohci-platform: OHCI generic platform driver
[    3.126608] uhci_hcd: USB Universal Host Controller Interface driver
[    3.135295] i8042: PNP: PS/2 Controller [PNP0303:PS2K,PNP0f03:PS2M] at 0x60,0x64 irq 1,12
[    3.153607] serio: i8042 KBD port at 0x60,0x64 irq 1
[    3.160887] serio: i8042 AUX port at 0x60,0x64 irq 12
[    3.168277] mousedev: PS/2 mouse device common for all mice
[    3.181920] rtc_cmos rtc_cmos: rtc core: registered rtc_cmos as rtc0
[    3.193572] input: AT Translated Set 2 keyboard as /devices/platform/i8042/serio0/input/input2
[    3.194033] rtc_cmos rtc_cmos: alarms up to one day, 114 bytes nvram
[    3.213516] i2c /dev entries driver
[    3.218258] device-mapper: uevent: version 1.0.3
[    3.232720] device-mapper: ioctl: 4.37.0-ioctl (2017-09-20) initialised: dm-devel@redhat.com
[    3.263480] ledtrig-cpu: registered to indicate activity on CPUs
[    3.273465] NET: Registered protocol family 10
[    3.286831] Segment Routing with IPv6
[    3.292908] NET: Registered protocol family 17
[    3.299577] Key type dns_resolver registered
[    3.307529] mce: Using 0 MCE banks
[    3.312844] RAS: Correctable Errors collector initialized.
[    3.319151] sched_clock: Marking stable (3319035080, 0)->(4604834389, -1285799309)
[    3.333329] registered taskstats version 1
[    3.338444] Loading compiled-in X.509 certificates
[    3.351101] Loaded X.509 cert 'Build time autogenerated kernel key: c356b48d5f070be9e15fb09bbd57426939f0386e'
[    3.364762] zswap: loaded using pool lzo/zbud
[    3.383963] Key type big_key registered
[    3.390030] Key type trusted registered
[    3.401590] Key type encrypted registered
[    3.406070] AppArmor: AppArmor sha1 policy hashing enabled
[    3.412153] ima: No TPM chip found, activating TPM-bypass! (rc=-19)
[    3.418629] ima: Allocated hash algorithm: sha1
[    3.424017] evm: HMAC attrs: 0x1
[    3.429419]   Magic number: 13:12:283
[    3.434404] rtc_cmos rtc_cmos: setting system clock to 2021-03-11 14:15:43 UTC (1615472143)
[    3.445195] BIOS EDD facility v0.16 2004-Jun-25, 0 devices found
[    3.452036] EDD information not available.
[    3.465346] Freeing unused kernel image memory: 2440K
[    3.492255] Write protecting the kernel read-only data: 20480k
[    3.502189] Freeing unused kernel image memory: 2008K
[    3.509950] Freeing unused kernel image memory: 1868K
[    3.528790] x86/mm: Checked W+X mappings: passed, no W+X pages found.
Loading, please wait...
starting version 237
[    3.703935] e1000: Intel(R) PRO/1000 Network Driver - version 7.3.21-k8-NAPI
[    3.715031] e1000: Copyright (c) 1999-2006 Intel Corporation.
[    3.739409] Fusion MPT base driver 3.04.20
[    3.747867] Copyright (c) 1999-2008 LSI Corporation
[    3.782084] Fusion MPT SPI Host driver 3.04.20
[    4.031944] input: ImExPS/2 Generic Explorer Mouse as /devices/platform/i8042/serio1/input/input4
[    4.908931] e1000 0000:00:03.0 eth0: (PCI:33MHz:32-bit) 02:94:8a:54:3d:7f
[    4.922528] e1000 0000:00:03.0 eth0: Intel(R) PRO/1000 Network Connection
[    4.947289] e1000 0000:00:03.0 enp0s3: renamed from eth0
[    4.948799] mptbase: ioc0: Initiating bringup
[    5.124240] ioc0: LSI53C1030 A0: Capabilities={Initiator}
[    6.677289] scsi host2: ioc0: LSI53C1030 A0, FwRev=00000000h, Ports=1, MaxQ=256, IRQ=20
[    6.951894] scsi 2:0:0:0: Direct-Access     VBOX     HARDDISK         1.0  PQ: 0 ANSI: 5
[    7.011824] scsi target2:0:0: Beginning Domain Validation
[    7.038569] random: fast init done
[    7.048768] scsi target2:0:0: Domain Validation skipping write tests
[    7.062228] scsi target2:0:0: Ending Domain Validation
[    7.070552] scsi target2:0:0: asynchronous
[    7.082346] scsi 2:0:1:0: Direct-Access     VBOX     HARDDISK         1.0  PQ: 0 ANSI: 5
[    8.296241] scsi target2:0:1: Beginning Domain Validation
[    8.313358] scsi target2:0:1: Domain Validation skipping write tests
[    8.320547] scsi target2:0:1: Ending Domain Validation
[    8.327551] scsi target2:0:1: asynchronous
[    8.352570] random: systemd-udevd: uninitialized urandom read (16 bytes read)
[    8.354174] sd 2:0:0:0: [sda] 83886080 512-byte logical blocks: (42.9 GB/40.0 GiB)
[    8.364272] random: systemd-udevd: uninitialized urandom read (16 bytes read)
[    8.377125] sd 2:0:0:0: [sda] Write Protect is off
[    8.387503] random: systemd-udevd: uninitialized urandom read (16 bytes read)
[    8.405488] sd 2:0:0:0: Attached scsi generic sg0 type 0
[    8.413705] sd 2:0:0:0: [sda] Incomplete mode parameter data
[    8.415565] sd 2:0:1:0: [sdb] 20480 512-byte logical blocks: (10.5 MB/10.0 MiB)
[    8.423591] sd 2:0:0:0: [sda] Assuming drive cache: write through
[    8.432358] sd 2:0:1:0: Attached scsi generic sg1 type 0
[    8.450241] sd 2:0:1:0: [sdb] Write Protect is off
[    8.459803] sd 2:0:1:0: [sdb] Incomplete mode parameter data
[    8.468376] sd 2:0:1:0: [sdb] Assuming drive cache: write through
[    8.809733]  sda: sda1
[    8.821520] sd 2:0:0:0: [sda] Attached SCSI disk
[    9.166814] sd 2:0:1:0: [sdb] Attached SCSI disk
Begin: Loading essential drivers ... [   12.584265] raid6: sse2x1   gen()  4107 MB/s
[   12.636742] raid6: sse2x1   xor()  3669 MB/s
[   12.688450] raid6: sse2x2   gen()  9424 MB/s
[   12.740154] raid6: sse2x2   xor()  6275 MB/s
[   12.792279] raid6: sse2x4   gen()  9833 MB/s
[   12.844695] raid6: sse2x4   xor()  5227 MB/s
[   12.849565] raid6: using algorithm sse2x4 gen() 9833 MB/s
[   12.855612] raid6: .... xor() 5227 MB/s, rmw enabled
[   12.863488] raid6: using ssse3x2 recovery algorithm
[   12.874209] xor: measuring software checksum speed
[   18.102795]    prefetch64-sse: 2029367.000 MB/sec
[   19.126781]    generic_sse: 1690419.000 MB/sec
[   19.133870] xor: using function: prefetch64-sse (2029367.000 MB/sec)
[   19.146415] async_tx: api initialized (async)
done.
Begin: Running /scripts/init-premount ... done.
Begin: Mounting root file system ... Begin: Running /scripts/local-top ... done.
Begin: Running /scripts/local-premount ... [   19.275203] Btrfs loaded, crc32c=crc32c-intel
Scanning for Btrfs filesystems
done.
Warning: fsck not present, so skipping root file system
[   19.650607] EXT4-fs (sda1): INFO: recovery required on readonly filesystem
[   19.660563] EXT4-fs (sda1): write access will be enabled during recovery
[   20.212815] EXT4-fs (sda1): recovery complete
[   20.220168] EXT4-fs (sda1): mounted filesystem with ordered data mode. Opts: (null)
done.
Begin: Running /scripts/local-bottom ... done.
Begin: Running /scripts/init-bottom ... done.
[   20.596532] random: crng init done
[   20.601561] random: 7 urandom warning(s) missed due to ratelimiting
[   21.354438] ip_tables: (C) 2000-2006 Netfilter Core Team
[   21.456877] systemd[1]: systemd 237 running in system mode. (+PAM +AUDIT +SELINUX +IMA +APPARMOR +SMACK +SYSVINIT +UTMP +LIBCRYPTSETUP +GCRYPT +GNUTLS +ACL +XZ +LZ4 +SECCOMP +BLKID +ELFUTILS +KMOD -IDN2 +IDN -PCRE2 default-hierarchy=hybrid)
[   21.499183] systemd[1]: Detected virtualization oracle.
[   21.506517] systemd[1]: Detected architecture x86-64.

Welcome to [1mUbuntu 18.04.5 LTS[0m!

[   21.582627] systemd[1]: Set hostname to <ubuntu-bionic>.
[   23.330807] systemd[1]: Set up automount Arbitrary Executable File Formats File System Automount Point.
[[0;32m  OK  [0m] Set up automount Arbitrary Executabâ€¦rmats File System Automount Point.
[   23.353481] systemd[1]: Reached target User and Group Name Lookups.
[[0;32m  OK  [0m] Reached target User and Group Name Lookups.
[   23.371051] systemd[1]: Reached target System Time Synchronized.
[[0;32m  OK  [0m] Reached target System Time Synchronized.
[   23.407660] systemd[1]: Created slice System Slice.
[[0;32m  OK  [0m] Created slice System Slice.
[   23.423194] systemd[1]: Listening on Network Service Netlink Socket.
[[0;32m  OK  [0m] Listening on Network Service Netlink Socket.
[   23.442206] systemd[1]: Listening on udev Control Socket.
[[0;32m  OK  [0m] Listening on udev Control Socket.
[[0;32m  OK  [0m] Listening on LVM2 metadata daemon socket.
[[0;32m  OK  [0m] Listening on /dev/initctl Compatibility Named Pipe.
[[0;32m  OK  [0m] Listening on LVM2 poll daemon socket.
[[0;32m  OK  [0m] Listening on Journal Audit Socket.
[[0;32m  OK  [0m] Created slice system-serial\x2dgetty.slice.
[[0;32m  OK  [0m] Listening on fsck to fsckd communication Socket.
[[0;32m  OK  [0m] Reached target Swap.
[[0;32m  OK  [0m] Listening on Journal Socket.
         Starting File System Check on Root Device...
         Mounting POSIX Message Queue File System...
         Starting Uncomplicated firewall...
         Mounting Huge Pages File System...
[[0;32m  OK  [0m] Listening on Journal Socket (/dev/log).
[[0;32m  OK  [0m] Created slice User and Session Slice.
[[0;32m  OK  [0m] Reached target Slices.
         Starting Load Kernel Modules...
         Starting Set the console keyboard layout...
[[0;32m  OK  [0m] Listening on Device-mapper event daemon FIFOs.
         Mounting Kernel Debug File System...
[[0;32m  OK  [0m] Started Forward Password Requests to Wall Directory Watch.
[[0;32m  OK  [0m] Listening on udev Kernel Socket.
         Starting Create list of required stâ€¦ce nodes for the current kernel...
[[   23.742522] Loading iSCSI transport class v2.0-870.
[0;32m  OK  [0m] Listening on Syslog Socket.
         Starting Journal Service...
         Starting udev Coldplug all Devices...
         Starting Monitoring of LVM2 mirrorsâ€¦ng dmeventd or progress polling...
[   23.812784] iscsi: registered transport (tcp)
[[0;32m  OK  [0m] Started File System Check on Root Device.
[[0;32m  OK  [0m] Mounted POSIX Message Queue File System.
[[0;32m  OK  [0m] Started Uncomplicated firewall.
[[0;32m  OK  [0m] Mounted Huge Pages File System.
[[0;32m  OK  [0m] Mounted Kernel Debug File System.
[[0;32m  OK  [0m] Started Create list of required staâ€¦vice nodes for the current kernel.
[[0;32m  OK  [0m] Started File System Check Daemon to report status.
         Starting Create Static Device Nodes in /dev...
         Starting Remount Root and Kernel File Systems...
[[0;32m  OK  [0m] Started udev Coldplug all Devices.
[[0;32m  OK  [0m] Started Journal Service.
[[0;32m  OK  [0m] Started LVM2 metadata daemon.
[   24.258907] EXT4-fs (sda1): re-mounted. Opts: (null)
[[0;32m  OK  [0m] Started Create Static Device Nodes in /dev.
[[0;32m  OK  [0m] Started Remount Root and Kernel File Systems.
         Starting Load/Save Random Seed...
         Starting Flush Journal to Persistent Storage...
         Starting udev Kernel Device Manager...
[[0;32m  OK  [0m] Started Load/Save Random Seed.
[   24.462642] iscsi: registered transport (iser)
[   24.464039] systemd-journald[404]: Received request to flush runtime journal from PID 1
[[0;32m  OK  [0m] Started Load Kernel Modules.
         Starting Apply Kernel Variables...
         Mounting Kernel Configuration File System...
         Mounting FUSE Control File System...
[[0;32m  OK  [0m] Mounted Kernel Configuration File System.
[[0;32m  OK  [0m] Mounted FUSE Control File System.
[[0;32m  OK  [0m] Started Set the console keyboard layout.
[[0;32m  OK  [0m] Started Monitoring of LVM2 mirrors,â€¦sing dmeventd or progress polling.
[[0;32m  OK  [0m] Reached target Local File Systems (Pre).
[[0;32m  OK  [0m] Reached target Local File Systems.
         Starting Tell Plymouth To Write Out Runtime Data...
         Starting Set console font and keymap...
         Starting ebtables ruleset management...
         Starting AppArmor initialization...
         Mounting /vagrant...
[[0;32m  OK  [0m] Started Apply Kernel Variables.
[[0;32m  OK  [0m] Started Tell Plymouth To Write Out Runtime Data.
[[0;32m  OK  [0m] Started Set console font and keymap.
[[0;32m  OK  [0m] Started udev Kernel Device Manager.
[[0;32m  OK  [0m] Started Dispatch Password Requests to Console Directory Watch.
[[0;32m  OK  [0m] Reached target Local Encrypted Volumes.
[[0;32m  OK  [0m] Mounted /vagrant.
[[0;32m  OK  [0m] Started Flush Journal to Persistent Storage.
         Starting Create Volatile Files and Directories...
[[0;32m  OK  [0m] Started ebtables ruleset management.
[[0;32m  OK  [0m] Found device /dev/ttyS0.
[[0;32m  OK  [0m] Started Create Volatile Files and Directories.
         Starting Update UTMP about System Boot/Shutdown...
[[0;32m  OK  [0m] Listening on Load/Save RF Kill Switch Status /dev/rfkill Watch.
[[0;32m  OK  [0m] Started Update UTMP about System Boot/Shutdown.
[[0;32m  OK  [0m] Started AppArmor initialization.
         Starting Initial cloud-init job (pre-networking)...
         Starting Load AppArmor profiles managed internally by snapd...
[[0;32m  OK  [0m] Started Load AppArmor profiles managed internally by snapd.
[   32.802376] cloud-init[559]: Cloud-init v. 20.4.1-0ubuntu1~18.04.1 running 'init-local' at Thu, 11 Mar 2021 14:16:12 +0000. Up 32.11 seconds.
[[0;32m  OK  [0m] Started Initial cloud-init job (pre-networking).
[[0;32m  OK  [0m] Reached target Network (Pre).
         Starting Network Service...
[[0;32m  OK  [0m] Started Network Service.
         Starting Network Name Resolution...
         Starting Wait for Network to be Configured...
[[0;32m  OK  [0m] Started Network Name Resolution.
[[0;32m  OK  [0m] Reached target Network.
[[0;32m  OK  [0m] Reached target Host and Network Name Lookups.
[[0;32m  OK  [0m] Started Wait for Network to be Configured.
         Starting Initial cloud-init job (metadata service crawler)...
[   36.492111] cloud-init[677]: Cloud-init v. 20.4.1-0ubuntu1~18.04.1 running 'init' at Thu, 11 Mar 2021 14:16:15 +0000. Up 35.89 seconds.
[   36.502891] cloud-init[677]: ci-info: ++++++++++++++++++++++++++++++++++++++Net device info++++++++++++++++++++++++++++++++++++++
[   36.514389] cloud-init[677]: ci-info: +--------+------+----------------------------+---------------+--------+-------------------+
[   36.527512] cloud-init[677]: ci-info: | Device |  Up  |          Address           |      Mask     | Scope  |     Hw-Address    |
[   36.538736] cloud-init[677]: ci-info: +--------+------+----------------------------+---------------+--------+-------------------+
[   36.550162] cloud-init[677]: ci-info: | enp0s3 | True |         10.0.2.15          | 255.255.255.0 | global | 02:94:8a:54:3d:7f |
[   36.562228] cloud-init[677]: ci-info: | enp0s3 | True | fe80::94:8aff:fe54:3d7f/64 |       .       |  link  | 02:94:8a:54:3d:7f |
[   36.573436] cloud-init[677]: ci-info: |   lo   | True |         127.0.0.1          |   255.0.0.0   |  host  |         .         |
[   36.583310] cloud-init[677]: ci-info: |   lo   | True |          ::1/128           |       .       |  host  |         .         |
[   36.594025] cloud-init[677]: ci-info: +--------+------+----------------------------+---------------+--------+-------------------+
[   36.603531] cloud-init[677]: ci-info: ++++++++++++++++++++++++++++Route IPv4 info+++++++++++++++++++++++++++++
[   36.615167] cloud-init[677]: ci-info: +-------+-------------+----------+-----------------+-----------+-------+
[   36.626498] cloud-init[677]: ci-info: | Route | Destination | Gateway  |     Genmask     | Interface | Flags |
[   36.636367] cloud-init[677]: ci-info: +-------+-------------+----------+-----------------+-----------+-------+
[   36.645599] cloud-init[677]: ci-info: |   0   |   0.0.0.0   | 10.0.2.2 |     0.0.0.0     |   enp0s3  |   UG  |
[   36.655537] cloud-init[677]: ci-info: |   1   |   10.0.2.0  | 0.0.0.0  |  255.255.255.0  |   enp0s3  |   U   |
[   36.664942] cloud-init[677]: ci-info: |   2   |   10.0.2.2  | 0.0.0.0  | 255.255.255.255 |   enp0s3  |   UH  |
[   36.675211] cloud-init[677]: ci-info: +-------+-------------+----------+-----------------+-----------+-------+
[   36.685256] cloud-init[677]: ci-info: +++++++++++++++++++Route IPv6 info+++++++++++++++++++
[   36.693396] cloud-init[677]: ci-info: +-------+-------------+---------+-----------+-------+
[   36.702765] cloud-init[677]: ci-info: | Route | Destination | Gateway | Interface | Flags |
[   36.713252] cloud-init[677]: ci-info: +-------+-------------+---------+-----------+-------+
[   36.722677] cloud-init[677]: ci-info: |   1   |  fe80::/64  |    ::   |   enp0s3  |   U   |
[   36.736279] cloud-init[677]: ci-info: |   3   |    local    |    ::   |   enp0s3  |   U   |
[   36.746200] cloud-init[677]: ci-info: |   4   |   ff00::/8  |    ::   |   enp0s3  |   U   |
[   36.756872] cloud-init[677]: ci-info: +-------+-------------+---------+-----------+-------+
[[0;32m  OK  [0m] Started Initial cloud-init job (metadata service crawler).
[[0;32m  OK  [0m] Reached target System Initialization.
[[0;32m  OK  [0m] Started Message of the Day.
[[0;32m  OK  [0m] Listening on D-Bus System Message Bus Socket.
         Starting LXD - unix socket.
[[0;32m  OK  [0m] Listening on UUID daemon activation socket.
[[0;32m  OK  [0m] Started ACPI Events Check.
[[0;32m  OK  [0m] Reached target Paths.
[[0;32m  OK  [0m] Started Daily Cleanup of Temporary Directories.
[[0;32m  OK  [0m] Started Discard unused blocks once a week.
[[0;32m  OK  [0m] Listening on Open-iSCSI iscsid Socket.
         Starting Socket activation for snappy daemon.
[[0;32m  OK  [0m] Started Daily apt upgrade and clean activities.
[[0;32m  OK  [0m] Reached target Timers.
[[0;32m  OK  [0m] Listening on ACPID Listen Socket.
[[0;32m  OK  [0m] Reached target Cloud-config availability.
[[0;32m  OK  [0m] Reached target Network is Online.
         Starting Availability of block devices...
[[0;32m  OK  [0m] Reached target Remote File Systems (Pre).
[[0;32m  OK  [0m] Reached target Remote File Systems.
[[0;32m  OK  [0m] Listening on LXD - unix socket.
[[0;32m  OK  [0m] Listening on Socket activation for snappy daemon.
[[0;32m  OK  [0m] Started Availability of block devices.
[[0;32m  OK  [0m] Reached target Sockets.
[[0;32m  OK  [0m] Reached target Basic System.
         Starting Virtualbox guest utils...
         Starting LSB: Record successful boot for GRUB...
[[0;32m  OK  [0m] Started Deferred execution scheduler.
[[0;32m  OK  [0m] Started FUSE filesystem for LXC.
         Starting Permit User Sessions...
         Starting Message of the Day...
         Starting Dispatcher daemon for systemd-networkd...
[[0;32m  OK  [0m] Started irqbalance daemon.
         Starting Login Service...
[[0;32m  OK  [0m] Started D-Bus System Message Bus.
[[0;32m  OK  [0m] Started Login Service.
[[0;32m  OK  [0m] Started Unattended Upgrades Shutdown.
         Starting Accounts Service...
         Starting Snap Daemon...
         Starting System Logging Service...
         Starting LSB: automatic crash report generation...
[[0;32m  OK  [0m] Started Regular background program processing daemon.
         Starting OpenBSD Secure Shell server...
         Starting LXD - container startup/shutdown...
[[0;32m  OK  [0m] Started System Logging Service.
[[0;32m  OK  [0m] Started Permit User Sessions.
         Starting Authorization Manager...
         Starting Hold until boot process finishes up...
         Starting Terminate Plymouth Boot Screen...
[[0;32m  OK  [0m] Started Hold until boot process finishes up.
[[0;32m  OK  [0m] Started Terminate Plymouth Boot Screen.
         Starting Set console scheme...
[[0;32m  OK  [0m] Started Serial Getty on ttyS0.
[[0;32m  OK  [0m] Started LSB: automatic crash report generation.
[[0;32m  OK  [0m] Started Dispatcher daemon for systemd-networkd.
[[0;32m  OK  [0m] Started LSB: Record successful boot for GRUB.
[[0;32m  OK  [0m] Started Set console scheme.
[[0;32m  OK  [0m] Created slice system-getty.slice.
[[0;32m  OK  [0m] Started Getty on tty1.
[[0;32m  OK  [0m] Reached target Login Prompts.
[[0;32m  OK  [0m] Started Authorization Manager.
[[0;32m  OK  [0m] Started Accounts Service.
[[0;32m  OK  [0m] Started Virtualbox guest utils.
[[0;32m  OK  [0m] Started OpenBSD Secure Shell server.
[[0;32m  OK  [0m] Started Message of the Day.
[[0;32m  OK  [0m] Started LXD - container startup/shutdown.
[[0;32m  OK  [0m] Created slice User Slice of vagrant.
         Starting User Manager for UID 1000...
[[0;32m  OK  [0m] Started Session 1 of user vagrant.
[[0;32m  OK  [0m] Started Snap Daemon.
         Starting Wait until snapd is fully seeded...
[[0;32m  OK  [0m] Started User Manager for UID 1000.
[[0;32m  OK  [0m] Started Wait until snapd is fully seeded.
[[0;32m  OK  [0m] Reached target Multi-User System.
[[0;32m  OK  [0m] Reached target Graphical Interface.
         Starting Update UTMP about System Runlevel Changes...
         Starting Apply the settings specified in cloud-config...
[[0;32m  OK  [0m] Started Update UTMP about System Runlevel Changes.
[   45.778472] cloud-init[1179]: Cloud-init v. 20.4.1-0ubuntu1~18.04.1 running 'modules:config' at Thu, 11 Mar 2021 14:16:25 +0000. Up 45.16 seconds.

Ubuntu 18.04.5 LTS ubuntu-bionic ttyS0

ubuntu-bionic login: [   47.589392] cloud-init[1226]: Cloud-init v. 20.4.1-0ubuntu1~18.04.1 running 'modules:final' at Thu, 11 Mar 2021 14:16:27 +0000. Up 47.16 seconds.
[   47.592758] cloud-init[1226]: Cloud-init v. 20.4.1-0ubuntu1~18.04.1 finished at Thu, 11 Mar 2021 14:16:27 +0000. Datasource DataSourceNoCloud [seed=/dev/sdb][dsmode=net].  Up 47.57 seconds
